// Jest Snapshot v1, https://goo.gl/fbAQLP

exports[`<MobileAddressButton/> should render component on mobile 1`] = `
.c1 {
  outline: none;
  display: block;
  cursor: pointer;
  padding: 0 20px 0 20px;
  border-color: #e0e6ed;
  background-color: #ffffff;
  border-radius: 4px;
  border-width: 1px;
  width: 100%;
  height: 60px;
  color: #3c4858;
  font-family: FaktSoftPro-Normal;
  font-size: 18px;
  -webkit-font-smoothing: antialiased;
  border-style: solid;
}

.c1 :hover {
  background-color: #ffffff;
}

.c4 {
  -webkit-font-smoothing: antialiased;
  font-family: FaktSoftPro-Normal;
  color: #3c4858;
  font-size: 18px;
}

.c0 {
  font-size: 18px;
  text-align: left;
  padding: 0 10px 0 10px;
}

.c3 {
  white-space: nowrap;
  color: #3c4858;
}

.c2 {
  overflow: hidden;
  text-overflow: ellipsis;
}

<button
  className="c0 c1"
  fontSize="default"
  height="tall"
  onClick={[Function]}
>
  <div
    className="c2"
  >
    <span
      className="c3 c4"
      color="dark"
      fontSize="default"
      hasAddress={true}
    >
      Endereço e número*
    </span>
  </div>
</button>
`;
