// Jest Snapshot v1, https://goo.gl/fbAQLP

exports[`renders with an already selected home type 1`] = `
.c7 {
  -webkit-font-smoothing: antialiased;
  font-family: Rubik;
  color: #3c4858;
  font-size: 14px;
  text-align: center;
}

.c9 {
  -webkit-font-smoothing: antialiased;
  font-family: Rubik;
  color: #e0e6ed;
  font-size: 14px;
  text-align: center;
}

.c10 {
  -webkit-font-smoothing: antialiased;
  font-family: Rubik;
  color: #3c4858;
  font-size: 24px;
  font-weight: 500;
  text-align: center;
}

.c1 {
  display: -webkit-box;
  display: -webkit-flex;
  display: -ms-flexbox;
  display: flex;
}

.c4 {
  display: -webkit-box;
  display: -webkit-flex;
  display: -ms-flexbox;
  display: flex;
  -webkit-flex-direction: row;
  -ms-flex-direction: row;
  flex-direction: row;
}

.c13 {
  display: -webkit-box;
  display: -webkit-flex;
  display: -ms-flexbox;
  display: flex;
  margin-top: 20px;
  -webkit-box-pack: justify;
  -webkit-justify-content: space-between;
  -ms-flex-pack: justify;
  justify-content: space-between;
}

.c2 {
  width: 100%;
}

.c11 {
  margin-bottom: 20px;
}

.c12 {
  -webkit-appearance: none;
  -moz-appearance: none;
  appearance: none;
  padding: 10px;
  border: 1px solid;
  border-color: #e0e6ed;
  border-radius: 4px;
  width: 100%;
  background: url('data:image/png;base64,iVBORw0KGgoAAAANSUhEUgAAAA0AAAAHCAYAAADTcMcaAAAYMmlDQ1BJQ0MgUHJvZmlsZQAAWIWVWQdUFEuz7tm8S94l55xBcs455wwisKQlCUsUUAQRJYmgAoKiIhJVVBRQEQQxoChBQUVEEAkqCsgFlSBvCHrvf/9z3juvz+mZb6qrq6uqu2u6ZgDgUvKNjAxDMAIQHhFDdTA14Hdz9+DHvgd4wAyYgBpQ8iVHR+rb2VkBuPy+/2dZGgTQxv25zIas/27/XwuTf0A0GQDIDsZ+/tHkcBhfBwClQo6kxgCAnoHpQvExkTDGwFoCZiqsIIyFN3DQFlbbwH5b2GqTx8nBEMY+AOBofX2pQQDQb+jFH0cOguXQ58BtxAh/SgTMehbGOuRgX38AOEdhHunw8N0w5qKFsbjfP+QE/YdMvz8yfX2D/uAtWzYLzogSHRnmu+f/6Y7/u4SHxf4eQwiutMFUM4cNmzf8FrrbcgPDukOPIvxsbGFMhPELiv8m/waeDI41c97m/0GONoR9BlgBQND6+xpZwpgbxoIRYTZW23SdQIqJOYxh3yOcKDHmTlt9Ef7U3Q7b8hEJAdHGjr+xL3VzrA2erNhQZ/1tmWXBAea/Zd5KDHZy3dIT0RtHcbGBMT2Mh6NDHS23eT4lBhva/Oahxjps6AzPORIEUk0ctniQwuHRv+1CagRTzG22sVVMsJPZVl+kN9l3Uzd2GIcERLtZ/dbTP8DIeMsuZFpAhPO2/siCyBgDh23+isgwu21+ZEtAmOkGXRDGz6LjHH/3nYuBF9uWvSgQGWPntKUbijnE18JuSweUJLAChsAI8INYuPqB3SAEUJ7NNM3AT1stJsAXUEEQCAAy25TfPVw3WyLgqyNIBF9gFACi//Qz2GwNAHEwfe0PdesqAwI3W+M2e4SCSRiHA0sQBj/HbvaK+DOaC/gAUyj/NToZ1jUMrhtt/0XjZ/hNwxhjjDBmGBOMBIoTpYPSRFnBVz24KqDUUOq/9fqbHz2J7kO/Rw+gR9Gvd1HSqP/SnB9Yg1FYR5Nt6/z+aR1KFJaqjDJAacPyYdkoVhQnkEEpwSPpo3ThsZVh6j91jf1j8d++3JaFl8Mj8Gx4Pbz4vzWgl6RX/iNlw1P/9MWWXn5/vGX4p+Xfdhj+w3/+8N3y35zIw8gG5ENkO7IL2YJsAvzINmQzsht5ZwP/WRsfNtfG79EcNvUJheVQ/ms83+0xN7wWLVcn91FudbsNxAQkxGxsFsPdkXuolKDgGH59OFoH8JtHkGWl+RXk5OEouhH7t0LLgsNmTIdYe/6mkQ8CoDoHAH75b1r4AgBXCHDos/6bJuINbx8MANWT5Fhq3BYNtXFBAwJggHcKB+CFY5c4bJECUAGaQA8YAwtgC5yAO/CG/RwMr1MqiAfJIBVkgGxwFJwAJeAMOA+qwSVwDTSBFtAOHoAnoBcMgDfwWpkAn8EcWAIrEARhITqIBHFAfJAIJAUpQGqQDmQMWUEOkDvkAwVBEVAslAwdgLKhAqgEOgfVQFehm1A71AX1Qa+hMegj9A1aRiARtAhmBA9CFLEDoYbQR1ginBA7EUGIKEQiIh1xBFGMKEdcRDQi2hFPEAOIUcRnxCISIGmQrEgBpAxSDWmItEV6IAORVOQ+ZBayEFmOvIy8Bc/0c+Qocgb5E4VBkVD8KBl4vZqhnFFkVBRqHyoHVYKqRjWiOlHPUWOoOdQvNB2aGy2F1kCbo93QQeh4dAa6EF2JvoG+D++dCfQSBoNhxYhhVOG9544JwSRhcjCnMfWYu5g+zDhmEYvFcmClsNpYW6wvNgabgT2JvYhtw/ZjJ7A/cDQ4PpwCzgTngYvApeEKcbW4Vlw/bgq3gmfEi+A18LZ4f/wefB6+An8L34OfwK8QmAhiBG2CEyGEkEooJlwm3CcMExZoaGgEadRp7GkoNPtpimmu0DyiGaP5SUuklaQ1pPWijaU9QltFe5f2Ne0CHR2dKJ0enQddDN0Ruhq6e3QjdD/oSfSy9Ob0/vQp9KX0jfT99F8Z8AwiDPoM3gyJDIUMDQw9DDOMeEZRRkNGX8Z9jKWMNxlfMi4ykZjkmWyZwplymGqZupimiViiKNGY6E9MJ54n3iOOk5AkIZIhiUw6QKog3SdNMGOYxZjNmUOYs5kvMT9jnmMhsiixuLAksJSy3GEZZUWyirKas4ax5rFeYx1kXWbjYdNnC2DLZLvM1s/2nZ2LXY89gD2LvZ59gH2Zg5/DmCOUI5+jieMtJ4pTktOeM56zjPM+5wwXM5cmF5kri+sa1xA3gluS24E7ifs8dzf3Ig8vjylPJM9Jnns8M7ysvHq8IbzHeVt5P/KR+HT4KHzH+dr4PvGz8Ovzh/EX83fyzwlwC5gJxAqcE3gmsCIoJugsmCZYL/hWiCCkJhQodFyoQ2hOmE/YWjhZuE54SAQvoiYSLFIk8lDku6iYqKvoIdEm0WkxdjFzsUSxOrFhcTpxXfEo8XLxFxIYCTWJUInTEr2SCEllyWDJUskeKYSUihRF6rRUnzRaWl06Qrpc+qUMrYy+TJxMncyYLKuslWyabJPs1x3COzx25O94uOOXnLJcmFyF3Bt5oryFfJr8LflvCpIKZIVShReKdIomiimKzYrzSlJKAUplSq+UScrWyoeUO5TXVFRVqCqXVT6qCqv6qJ5SfanGrGanlqP2SB2tbqCeot6i/lNDRSNG45rGrKaMZqhmrea0lphWgFaF1ri2oLav9jntUR1+HR+dszqjugK6vrrluu/1hPT89Sr1pvQl9EP0L+p/NZAzoBrcMPhuqGG41/CuEdLI1CjL6Jkx0djZuMR4xETQJMikzmTOVNk0yfSuGdrM0izf7KU5jznZvMZ8zkLVYq9FpyWtpaNlieV7K0krqtUta4S1hfUx62EbEZsImyZbYGtue8z2rZ2YXZTdbXuMvZ19qf2kg7xDssNDR5LjLsdaxyUnA6c8pzfO4s6xzh0uDC5eLjUu312NXAtcR912uO11e+LO6U5xb/bAerh4VHosehp7nvCc8FL2yvAa3Cm2M2Fnlzend5j3nV0Mu3x3NfigfVx9an1WfW19y30X/cz9TvnNkQ3JReTP/nr+x/0/BmgHFARMBWoHFgROB2kHHQv6GKwbXBg8QzGklFDmQ8xCzoR8D7UNrQpdD3MNqw/HhfuE34wgRoRGdO7m3Z2wuy9SKjIjcjRKI+pE1BzVkloZDUXvjG6OYYYP2d2x4rEHY8fidOJK437Eu8Q3JDAlRCR075Hck7lnKtEk8UISKomc1JEskJyaPLZXf++5fdA+v30dKUIp6SkT+033V6cSUkNTn6bJpRWk/XXA9cCtdJ70/enjB00P1mXQZ1AzXh7SPHTmMOow5fCzTMXMk5m/svyzHmfLZRdmr+aQcx7nyucW564fCTzyLE8lr+wo5mjE0cF83fzqAqaCxILxY9bHGo/zH886/teJXSe6CpUKzxQRimKLRoutiptPCp88enK1JLhkoNSgtP4U96nMU99P+5/uL9Mru3yG50z2meWzlLOvzpmeaywXLS88jzkfd36ywqXi4QW1CzWVnJXZlWtVEVWj1Q7VnTWqNTW13LV5dYi62LqPF70u9l4yutR8WebyuXrW+uwr4ErslU9Xfa4OXrO81tGg1nD5usj1UzdIN7IaocY9jXNNwU2jze7NfTctbnbc0rx147bs7aoWgZbSOyx38loJremt622JbYt3I+/OtAe1j3fs6nhzz+3ei077zmf3Le8/emDy4N5D/Ydtj7QftXRpdN18rPa46YnKk8Zu5e4bT5Wf3nim8qyxR7WnuVe991afVl9rv25/+3Oj5w9emL94MmAz0DfoPPjqpdfL0Vf+r6Zfh72eH4obWnmzfxg9nPWW8W3hCPdI+TuJd/WjKqN3xozGut87vn8zTh7//CH6w+pE+iTdZOEU31TNtMJ0y0eTj72fPD9NfI78vDKT8YXpy6mv4l+vz+rNds+5zU3MU+fXv+UscCxU/aX0V8ei3eLIUvjSyvesHxw/qn+q/Xy47Lo8tRK/il0tXpNYu/XL8tfwevj6eqQv1XfzKICEKyIwEIBvVQDQuQNA6gWA4LmVm20XJHz4QMB3F0gW+oxIh9+oPagMtAkGiXmCLcZF4K0IEjRYmhnafrom+iqGSsZ6pmZiB+kJcy/LK9Z3bNPsnznmOZe51ngQvFg+Aj+dAFGQKMQqzC7CJsouxi3OI8EvyS8lKC0sIyortkNaTk5eUUFFUUNJV9lYxVzVXM1E3UTDRNNQS19bS0dDV0lPVl/UgMeQ2YhgtG68YDJp+tqs27zFotrymFWKdYiNm62xnbK9mAOXI6MTzhnpArki3FDueA9GTw4v4Z0y3hK7hH34fDn9WMgkf2IAKZA1iCtYkCIdohpqEuYSTolI3l0QWRF1llocnR+TE5sZlxV/JKF4T3Via9KbvWCfdMqu/SdT3xwQTN99sP0Q5rBQpkKWQbZjTmBu4pH8vOqjd/OHChaPM52QKbQoCiw+cLKs5GZp/6kPpxfPYM9ynJMs1zpvW+F3IabyYFVhdXXNzdrHdUMXP136WY+7wnZV/Jpug/v1qBuZjaeb6pvbbnbd6rnd2/LkTkfr1bbSuyntuzo07hHvTXbevF/74NTD7EcJXX6PzZ/IdtN3zzy9/+xUT2SvQR+pb7z/2vPUF/YDIoOowY8vu1/Vvy4YinnjMqz2lvPt6sjIu/bRC2OZ73ePO3/QmhCGV9nS1Ivp6x+LPqV8DpshfyF/jZzNnrsxP7ug99e5JdL34p9Sy89WU35prK//Y/4VkNOoArQlhgXzFtuAy8EHEYxoJGkZaFfppuhfMbxifMf0gfiFtMC8xLLGusK2xv6LY41ziWuBe5ZnkneYr5//vsBNwUqhbOEwEStRSTG82CfxLokaySwpirSljIwsnezsjj656/JFCsmKZCV7ZQMVBVUBNaLauvpXjWHNLq1G7XKdHN14PR99CwMFQ04jhNFH42cmV0zzzaLNnSxULNksV6zeWd+zqbXNt0uyD3RwdNR3kncWcCG5Yl2X3T67D3t0e97xqt951vvYrkM+yb5UPwrZ198jwCnQPsgm2JJiGWIWqhkmGy4QwbKbJhIRuRr1g/ozei0WHUeMF0rQ2OOUGJ1UmNyydzKFZj9fqkya9gGbdL+D8Rm5hyoPt2UOZX3PYc5VOGKfF3E0N7+u4NGxD8fXCzmLlIvtToaWHCw9c6r5dG/Z9Jlf55jLJc5rV9hdIFfGVh2qLobjXHfd7CXiZcV6xytRV/Ou1TV0Xh++8a0J08xxU/KWxm2LFrc7ga0xbSl3U9sPdBy8l9F56P7hB1kPcx7lduU+zn2S253zNPtZZs+h3vS+1P69z+NeRA3sHox8GfMq6fXBoWNvyocb3j4Yef3uyxh4TxwX/CA/oTNpPuU3ffbjl8/KM0lfWr/+mtOcj/t2eeHDIvuS5feUHw0/p1a4Vx3Wsn51bs+/MUIfuQP5FdWOPoRxxIpj53E38RkEBxpumhHa83Th9OoMCIZ2xnQmCyIDsZd0lNmWhYHlKWsWmwk7xN7MEcEpxPmKK5tbh/sLTymvGe9ffGX8ZvxfBY4LaggOC+0V5hduFfEWWRUtFlMS6xYPEF+VOCYpJdkm5Sg1KZ0qIyLzSjZnh8GOv+Sq5D0V6BTaFCOVBJT6ldNUFFTGVPPUtNW+qJdqmGssap7Xstf6pV2n466L1b2hR9Yn6t81iDTkN+w1SjNWMp4yKTG1hc8dt82jLKQsPliWWXlYs1o/tymwdbAj2Q3an3TwdhR2/OR01TnRxdiVwXXIrdI92sPAk9Zz0OvMzmBvBe+VXfd98n29/CT8lsid/scCfAMVg1BBg8G1lJQQp1DpMHTYu/BbEcW74yNdozSovNGo6JmYgdj2uPr4soS8PamJ8Umhyf57d+5zS3Ha75Bqn2Z/wCHd6aB7xs5DAYdDM6OzUrIP5xTklh2pyWs8ei+/r2Dk2NcTqEKJIq/ioyfvl6yckj3tV3bizOOzq+UK5wMqSi70VKGqtWria+vrPl+SvBxSX3tl9ppKw/7r3Y0cTWHNnbf4bqe0vG+1amtpl++42Cl1/+pDg0dDjxO6+Z729uT2OT0XHQCDn199GPr0FrwTGds1XjuJnk78DL5UzJEXdJfUfjqvFm/M/9Y3uo2CUQHgxCEANr7TONQAkHMRALE9ALDBuacdHQBO6gAhYAqgxQ4AWWj/eX9AcOJJACTAAySBGjCD88swOKcsAvWgC4yDNYgdUoYcoWjoBNQMvYVzPmmECyIVUY8YQTIgDZDxyEvISThL80KVot7AmZgP+gL6C0YFk4p5huXBhmPbcCQcBdeO58TH4vsJioQiwioNmeYprTptNR07XQ49gj6J/jtDLMMSYyITxJRFZCVWkNRIvcwhLFiWC6zGrJNsh9ml2Hs5Yjg5OFu5/LlpuK/xePAieS/xecIZQZ9AnqCtEJPQc+EiEU9RAdFJsYvi0RIakpBkl1S+tCe8Oudk+3e0yFXKFyjsU6QoOSprqPCpQqqjai3qxzVCNLW16LWGtWt0YnR19XB6ffoNBtcNm4xuGbea3DPtMusxH7QYsZyymrdescXZsdqLOqg5WjmRnZNdil1b3aY9SJ76XpE7y70HfAi++n5J5Gb/74FqQUnB7SGEUOewivDF3WaRZVGz0Vox2bEj8UoJR/fMJ7kmP9inndKaapk2np6ZoX0YZPZlX8k9lVeQb3YMefx+YX5xQInhKekywbMi5UoVNpVR1aW1Ty6BetWrNg3uN4Kbkm+euH3tTn/bUgdvp9mDmEdnHz/rXuuR6dv5/MjA3VekIfLwpZGZMe5xtQm9KfmP9J9ezhz5umO2fd7sW+dfCoslS8s/7H9eWJ5f1VhL+XV3M35szT8Rnn8JoApMgCsIAfvAcVAHOsEI+AGRIDnIBoqAjkIN0GsEQEjAWX4a4iriPZzHWyHTkW3IFZQ26gCqG82ODkQ3YvAYb0wjlhEbhn2Ck8bl4RbxXvgHBFlCEQ2SJopmjNaZ9jGdIV0rvRb9HTiLfcRozzgC56nrxOMkWdJT5gg482xm9WWjYWtmD+Rg5XjIuYdLmmuMu4jHlhfH28G3n99AACPwVLBQyFdYVnhVpFu0TCxK3FiCS+Kb5GOp89IpMp6ymjsk5Njl8fKrCrOK40ovlR+r3Fa9qFaifkiDqumpZagtqcOos6g7pNeqX29w1bDBqMn4tkmbaafZY/Nei5eW76ymrOdtVuxw9qwOYo7qTtbO/i57XUvcbroPeax5Ce608I7Zddanxw8iq/hHBNQETgaLUkJCroYuh5tGFO6ejtKi7o1ui0XFWcUXJUwmqicdSZ7aZ5xSnUqftufAFBxPeg9bZD7MNsvpPuKQN5qfcoz3+N3CwGL6k82l/qdJZQ/O7i1XOf/twtWq2BqtOszFgcsXriRf87qu0kjfNH7z+u0Dd2za2O+OddR0Uh9oPcJ2DT6pebq/x6tP57nIANPgo1fOryfeJL5lHrk26jS2Ol494T7FMN316fCM5VfG2ZfzZxdCFlW+I370LJeuBv1S3J5/JMAA2s0IIA5U4BXgBsLBQXAG3AZD8P4XhCygWKgCGkTQIIzgnd+BxCHtkWeQ31AWqCo0Hk1Fv8M4wbvdBjuAI+N+4gsJ6oQJmpO0erTDdEn0/PRdDPGMkozjTGeIfiQJ0nfmhyxlrElsnux6HFKc7Fw03AjuVZ5l3lV+IICFT6A8wrIi2qIOYkHi+yVOSt6A8+45WcYdCnKu8vsUKhR7lFZUJFTd1QrU+zWZtdy1K3Rm9bT1cw3eGSkaZ5uMmWmZF1p8s7KzvmRLaxdm/9hR0inb+ZOrhVutB96T4vXQW3TXQZ8JP0NyZQAy0D/oHkU0JCN0Otwqoj6SJSqBOhpjFHs5nj1h357PSW7wPlVJqUrlSDuSjjqYnPHtsEfm1az1HKfcqiPLRx3zLx8jHKeceFAkVZxzcrbU9dSdMtEz+XDs9z/ffUGzsqqaqSaxdvKi46WWetEreVeXGryvP2iUaTraPHfL/vblO4TWwLbWdmJHwL3G+6gHdg9LH40/lnhC6a58OtbD2Wvfd7D/+vP3A4RBuZcOr6ivjwzVvLk3PPB2cmT+3eoY9B47jvmAmQATy5Nfpkamn35s/lT++fBMxBfrr1Kz2Nl3c83zmd88FiQWvv3Vspi2ZPQd873zR8pPzZ/zyxdWPFYJq41r5F90v66tu2/Mf3SgosLm6wOiNQAAPbK+viAKALYAgLX89fWV8vX1tfNwsjEMwN2wrf8+m+8aRgDOcm2gvisLyf/+//I/Z3bGG2TNDZkAAAILaVRYdFhNTDpjb20uYWRvYmUueG1wAAAAAAA8eDp4bXBtZXRhIHhtbG5zOng9ImFkb2JlOm5zOm1ldGEvIiB4OnhtcHRrPSJYTVAgQ29yZSA1LjQuMCI+CiAgIDxyZGY6UkRGIHhtbG5zOnJkZj0iaHR0cDovL3d3dy53My5vcmcvMTk5OS8wMi8yMi1yZGYtc3ludGF4LW5zIyI+CiAgICAgIDxyZGY6RGVzY3JpcHRpb24gcmRmOmFib3V0PSIiCiAgICAgICAgICAgIHhtbG5zOnRpZmY9Imh0dHA6Ly9ucy5hZG9iZS5jb20vdGlmZi8xLjAvIj4KICAgICAgICAgPHRpZmY6UmVzb2x1dGlvblVuaXQ+MjwvdGlmZjpSZXNvbHV0aW9uVW5pdD4KICAgICAgICAgPHRpZmY6Q29tcHJlc3Npb24+MTwvdGlmZjpDb21wcmVzc2lvbj4KICAgICAgICAgPHRpZmY6T3JpZW50YXRpb24+MTwvdGlmZjpPcmllbnRhdGlvbj4KICAgICAgICAgPHRpZmY6UGhvdG9tZXRyaWNJbnRlcnByZXRhdGlvbj4yPC90aWZmOlBob3RvbWV0cmljSW50ZXJwcmV0YXRpb24+CiAgICAgIDwvcmRmOkRlc2NyaXB0aW9uPgogICA8L3JkZjpSREY+CjwveDp4bXBtZXRhPgoPRSqTAAAAeUlEQVQYGWN89uLV/3lL1jE8f/magRCQFBdlSIoJYmD88PHTf6+wDELq4fKbl09jYBLg52Nsrs6DC+JjgNQJCwkwMsIU7T104n9t6yQYF4MGaXC2swCrh2sCqcKlEVkDhmkwjVbuUf9hGGQQVoXogiCF2aXN/3FpAABFwDbMq0AnhAAAAABJRU5ErkJggg==') no-repeat;
  background-position: right;
  background-origin: content-box;
  color: #3c4858;
  font-size: 18px;
  height: 60px;
  font-family: Rubik;
}

.c14 {
  outline: none;
  cursor: pointer;
  padding: 0 20px 0 20px;
  border-color: #e0e6ed;
  background-color: #ffffff;
  border-radius: 4px;
  border-width: 1px;
  width: auto;
  height: 60px;
  color: #3c4858;
  font-family: Rubik;
  font-size: 18px;
  -webkit-font-smoothing: antialiased;
  border-style: solid;
}

.c14 :hover {
  background-color: #ffffff;
}

.c15 {
  outline: none;
  cursor: pointer;
  padding: 0 20px 0 20px;
  border-color: #f50057;
  background-color: #f50057;
  border-radius: 4px;
  border-width: 1px;
  width: auto;
  height: 60px;
  color: #ffffff;
  font-family: Rubik;
  font-size: 18px;
  -webkit-font-smoothing: antialiased;
  border-style: solid;
}

.c15 :hover {
  background-color: #f50057;
}

.c0 {
  width: calc(100vw - 40px);
  padding: 80px 20px 20px 20px;
  -webkit-box-pack: center;
  -webkit-justify-content: center;
  -ms-flex-pack: center;
  justify-content: center;
}

.c6 {
  width: auto;
  height: 22px;
}

.c3 {
  width: 100%;
  -webkit-box-pack: center;
  -webkit-justify-content: center;
  -ms-flex-pack: center;
  justify-content: center;
  -webkit-flex-direction: row;
  -ms-flex-direction: row;
  flex-direction: row;
}

.c5 {
  position: relative;
  -webkit-flex-direction: column;
  -ms-flex-direction: column;
  flex-direction: column;
  box-sizing: border-box;
  -webkit-box-pack: start;
  -webkit-justify-content: flex-start;
  -ms-flex-pack: start;
  justify-content: flex-start;
  -webkit-align-items: center;
  -webkit-box-align: center;
  -ms-flex-align: center;
  align-items: center;
  width: 80px;
  margin: 10px 0 10px 0;
}

.c8 {
  position: absolute;
  margin-top: 20px;
  margin-left: 59px;
  width: 40px;
  height: 0px;
  border: 1px solid #e0e6ed;
}

@media screen and (min-width:780px) {
  .c2 {
    width: 50%;
  }
}

@media (min-width:480px) and (max-width:779px) {
  .c0 {
    padding-top: 180px;
    width: calc(100vw - 220px);
  }
}

<div>
  <div
    className="c0 c1"
  >
    <div
      className="c2"
      width={
        Array [
          1,
          null,
          null,
          0.5,
        ]
      }
    >
      <div
        className="c3 c1"
      >
        <div
          className="c4"
        >
          <div
            className="c5 c1"
          >
            <div
              className="c6"
            >
              <svg
                height={22}
                version="1.1"
                viewBox="0 0 512 512"
                x={0}
                y={0}
              >
                <path
                  d="M504 256c0 136.967-111.033 248-248 248S8 392.967 8 256 119.033 8 256 8s248 111.033 248 248zM227.314 387.314l184-184c6.248-6.248 6.248-16.379 0-22.627l-22.627-22.627c-6.248-6.249-16.379-6.249-22.628 0L216 308.118l-70.059-70.059c-6.248-6.248-16.379-6.248-22.628 0l-22.627 22.627c-6.248 6.248-6.248 16.379 0 22.627l104 104c6.249 6.249 16.379 6.249 22.628.001z"
                  fill="#f50057"
                  name="check-circle"
                  type="default"
                />
              </svg>
            </div>
            <span
              className="c7"
              color="dark"
              fontSize="small"
            >
              Endereço
            </span>
          </div>
          <div
            className="c8 "
          />
        </div>
        <div
          className="c4"
        >
          <div
            className="c5 c1"
          >
            <svg
              aria-hidden="true"
              className="svg-inline--fa fa-check-circle fa-w-16 fa-2x "
              color="#f50057"
              data-icon="check-circle"
              data-prefix="far"
              role="img"
              style={
                Object {
                  "height": 22,
                  "width": 22,
                }
              }
              viewBox="0 0 512 512"
              xmlns="http://www.w3.org/2000/svg"
            >
              <path
                d="M256 8C119.033 8 8 119.033 8 256s111.033 248 248 248 248-111.033 248-248S392.967 8 256 8zm0 48c110.532 0 200 89.451 200 200 0 110.532-89.451 200-200 200-110.532 0-200-89.451-200-200 0-110.532 89.451-200 200-200m140.204 130.267l-22.536-22.718c-4.667-4.705-12.265-4.736-16.97-.068L215.346 303.697l-59.792-60.277c-4.667-4.705-12.265-4.736-16.97-.069l-22.719 22.536c-4.705 4.667-4.736 12.265-.068 16.971l90.781 91.516c4.667 4.705 12.265 4.736 16.97.068l172.589-171.204c4.704-4.668 4.734-12.266.067-16.971z"
                fill="currentColor"
                style={Object {}}
              />
            </svg>
            <span
              className="c7"
              color="dark"
              fontSize="small"
            >
              Informações
            </span>
          </div>
          <div
            className="c8 "
          />
        </div>
        <div
          className="c4"
        >
          <div
            className="c5 c1"
          >
            <svg
              aria-hidden="true"
              className="svg-inline--fa fa-circle fa-w-16 fa-2x "
              color="#e0e6ed"
              data-icon="circle"
              data-prefix="far"
              role="img"
              style={
                Object {
                  "height": 22,
                  "width": 22,
                }
              }
              viewBox="0 0 512 512"
              xmlns="http://www.w3.org/2000/svg"
            >
              <path
                d="M256 8C119 8 8 119 8 256s111 248 248 248 248-111 248-248S393 8 256 8zm0 448c-110.5 0-200-89.5-200-200S145.5 56 256 56s200 89.5 200 200-89.5 200-200 200z"
                fill="currentColor"
                style={Object {}}
              />
            </svg>
            <span
              className="c9"
              color="lightGrey"
              fontSize="small"
            >
              Contato
            </span>
          </div>
          <div
            className="c8 "
          />
        </div>
        <div
          className="c4"
        >
          <div
            className="c5 c1"
          >
            <svg
              aria-hidden="true"
              className="svg-inline--fa fa-circle fa-w-16 fa-2x "
              color="#e0e6ed"
              data-icon="circle"
              data-prefix="far"
              role="img"
              style={
                Object {
                  "height": 22,
                  "width": 22,
                }
              }
              viewBox="0 0 512 512"
              xmlns="http://www.w3.org/2000/svg"
            >
              <path
                d="M256 8C119 8 8 119 8 256s111 248 248 248 248-111 248-248S393 8 256 8zm0 448c-110.5 0-200-89.5-200-200S145.5 56 256 56s200 89.5 200 200-89.5 200-200 200z"
                fill="currentColor"
                style={Object {}}
              />
            </svg>
            <span
              className="c9"
              color="lightGrey"
              fontSize="small"
            >
              Valor
            </span>
          </div>
        </div>
      </div>
      <p
        className="c10"
        color="dark"
        fontSize="large"
        fontWeight="bold"
      >
        De qual tipo de imóvel estamos falando?
      </p>
      <div
        className="c11"
      >
        <select
          className="c12"
          color="dark"
          defaultValue="_placeholder"
          fontSize="default"
          height="tall"
          onChange={[Function]}
        >
          <option
            disabled={true}
            value="_placeholder"
          >
            Tipo do Imóvel*
          </option>
          <option
            value="Casa"
          >
            Casa
          </option>
          <option
            value="Apartamento"
          >
            Apartamento
          </option>
          <option
            value="Cobertura"
          >
            Cobertura
          </option>
        </select>
      </div>
      <div
        className="c13"
      >
        <div
          className=""
        >
          <button
            className="c14"
            fontSize="default"
            height="tall"
            onClick={[Function]}
            style={
              Object {
                "width": 130,
              }
            }
          >
            Voltar
          </button>
        </div>
        <div
          className=""
        >
          <button
            className="c15"
            disabled={false}
            fontSize="default"
            height="tall"
            onClick={[Function]}
            style={
              Object {
                "width": 130,
              }
            }
          >
            Avançar
          </button>
        </div>
      </div>
    </div>
  </div>
</div>
`;
