// Jest Snapshot v1, https://goo.gl/fbAQLP

exports[`renders correctly 1`] = `
.c6 {
  padding: 20px;
}

.c1 {
  display: -webkit-box;
  display: -webkit-flex;
  display: -ms-flexbox;
  display: flex;
}

.c5 {
  display: -webkit-box;
  display: -webkit-flex;
  display: -ms-flexbox;
  display: flex;
  margin-bottom: 20px;
  -webkit-box-pack: center;
  -webkit-justify-content: center;
  -ms-flex-pack: center;
  justify-content: center;
}

.c8 {
  display: -webkit-box;
  display: -webkit-flex;
  display: -ms-flexbox;
  display: flex;
  margin-bottom: 10px;
}

.c14 {
  display: -webkit-box;
  display: -webkit-flex;
  display: -ms-flexbox;
  display: flex;
  -webkit-box-pack: center;
  -webkit-justify-content: center;
  -ms-flex-pack: center;
  justify-content: center;
}

.c2 {
  width: 100%;
}

.c10 {
  width: 50%;
}

.c11 {
  margin-right: 2px;
  padding-top: 2px;
  width: 16.666666666666664%;
}

.c13 {
  width: 83.33333333333334%;
}

.c3 {
  -webkit-font-smoothing: antialiased;
  font-family: FaktSoftPro-Normal;
  color: #13ce66;
  font-size: 24px;
  font-weight: bold;
  text-align: center;
}

.c7 {
  -webkit-font-smoothing: antialiased;
  font-family: FaktSoftPro-Normal;
  color: #979797;
  font-size: 14px;
}

.c9 {
  -webkit-font-smoothing: antialiased;
  font-family: FaktSoftPro-Normal;
  color: #3c4858;
  font-size: 14px;
  font-weight: bold;
}

.c12 {
  -webkit-font-smoothing: antialiased;
  font-family: FaktSoftPro-Normal;
  color: #3c4858;
  font-size: 12px;
}

.c15 {
  -webkit-font-smoothing: antialiased;
  font-family: FaktSoftPro-Normal;
  color: #3c4858;
  font-size: 24px;
}

.c20 {
  -webkit-font-smoothing: antialiased;
  font-family: FaktSoftPro-Normal;
  color: #979797;
  font-size: 18px;
}

.c22 {
  outline: none;
  cursor: pointer;
  padding: 0 20px 0 20px;
  border-color: #f50057;
  background-color: #f50057;
  border-radius: 4px;
  border-width: 1px;
  width: auto;
  height: 60px;
  color: #ffffff;
  font-family: FaktSoftPro-Normal;
  font-size: 18px;
  -webkit-font-smoothing: antialiased;
  border-style: solid;
}

.c22 :hover {
  background-color: #f50057;
}

.c0 {
  width: calc(100vw - 40px);
  padding: 80px 20px 20px 20px;
  -webkit-box-pack: center;
  -webkit-justify-content: center;
  -ms-flex-pack: center;
  justify-content: center;
}

.c16 {
  width: 100%;
  -webkit-flex-direction: column;
  -ms-flex-direction: column;
  flex-direction: column;
}

.c17 {
  position: relative;
  box-sizing: border-box;
  margin: 10px 0 10px 0;
}

.c19 {
  -webkit-font-smoothing: antialiased;
  font-family: FaktSoftPro-Normal;
  color: #ffffff;
  font-size: 18px;
}

.c18 {
  z-index: 1;
  display: -webkit-box;
  display: -webkit-flex;
  display: -ms-flexbox;
  display: flex;
  -webkit-align-items: center;
  -webkit-box-align: center;
  -ms-flex-align: center;
  align-items: center;
  -webkit-box-pack: center;
  -webkit-justify-content: center;
  -ms-flex-pack: center;
  justify-content: center;
  -webkit-flex: 0 0 30px;
  -ms-flex: 0 0 30px;
  flex: 0 0 30px;
  width: 30px;
  height: 30px;
  background: #f50057;
  border-radius: 100%;
  margin-right: 14px;
}

.c18::before {
  z-index: 0;
  content: '';
  position: absolute;
  top: 30px;
  left: 15px;
  width: 0;
  height: 100%;
  border-right: 1px dashed #979797;
}

.c21 {
  z-index: 1;
  display: -webkit-box;
  display: -webkit-flex;
  display: -ms-flexbox;
  display: flex;
  -webkit-align-items: center;
  -webkit-box-align: center;
  -ms-flex-align: center;
  align-items: center;
  -webkit-box-pack: center;
  -webkit-justify-content: center;
  -ms-flex-pack: center;
  justify-content: center;
  -webkit-flex: 0 0 30px;
  -ms-flex: 0 0 30px;
  flex: 0 0 30px;
  width: 30px;
  height: 30px;
  background: #f50057;
  border-radius: 100%;
  margin-right: 14px;
}

.c4 {
  border: 1px solid #e0e6ed;
  box-shadow: 0px 2px 2px rgba(0,0,0,0.3);
  border-radius: 2px;
}

@media screen and (min-width:780px) {
  .c2 {
    width: 50%;
  }
}

@media (min-width:480px) and (max-width:779px) {
  .c0 {
    padding-top: 180px;
    width: calc(100vw - 220px);
  }
}

<div>
  <div
    className="c0 c1"
  >
    <div
      className="c2"
      width={
        Array [
          1,
          null,
          null,
          0.5,
        ]
      }
    >
      <p
        className="c3"
        color="green"
        fontSize="large"
        fontWeight="bold"
      >
        Parab√©ns, sua solicita√ß√£o foi recebida com sucesso.
      </p>
      <div
        className="c4 c5"
      >
        <div
          className="c6"
        >
          <div
            className="c1"
          >
            <div
              className=""
            >
              <span
                className="c7"
                color="grey"
                fontSize="small"
              >
                Endere√ßo
              </span>
            </div>
          </div>
          <div
            className="c8"
          >
            <div
              className=""
            >
              <span
                className="c9"
                color="dark"
                fontSize="small"
                fontWeight="bold"
              >
                Av. Vieira Souto, 600
              </span>
            </div>
          </div>
          <div
            className="c1"
          >
            <div
              className="c10"
              width={0.5}
            >
              <span
                className="c7"
                color="grey"
                fontSize="small"
              >
                Valor
              </span>
            </div>
            <div
              className="c10"
              width={0.5}
            >
              <span
                className="c7"
                color="grey"
                fontSize="small"
              >
                Data para visita
              </span>
            </div>
          </div>
          <div
            className="c1"
          >
            <div
              className="c10"
              width={0.5}
            >
              <span
                className="c9"
                color="dark"
                fontSize="small"
                fontWeight="bold"
              >
                R$1,000,000
              </span>
            </div>
            <div
              className="c10"
              width={0.5}
            >
              <span
                className="c9"
                color="dark"
                fontSize="small"
                fontWeight="bold"
              >
                00/00/0000 - entre 00h e 00h
              </span>
            </div>
          </div>
          <div
            className="c1"
          >
            <div
              className="c10"
              width={0.5}
            >

            </div>
            <div
              className="c10"
              width={0.5}
            >
              <div
                className="c1"
              >
                <div
                  className="c11"
                  width={0.16666666666666666}
                >
                  <span
                    className="c12"
                    color="dark"
                    fontSize={12}
                  >
                    üìû
                  </span>
                </div>
                <div
                  className="c13"
                  width={0.8333333333333334}
                >
                  <span
                    className="c7"
                    color="grey"
                    fontSize="small"
                  >
                     Aguarde a confirma√ß√£o da visita.
                  </span>
                </div>
              </div>
            </div>
          </div>
        </div>
      </div>
      <div
        className="c14"
      >
        <div
          className=""
        >
          <p
            className="c15"
            color="dark"
            fontSize="large"
            style={
              Object {
                "marginBottom": 14,
              }
            }
          >
            Pr√≥ximos passos
          </p>
        </div>
      </div>
      <div
        className="c5"
      >
        <div
          className=""
        >
          <div
            className="c16 c1"
          >
            <div
              className="c17 c1"
            >
              <span
                className="c18 c19"
                color="white"
                fontSize="default"
              >
                1
              </span>
              <span
                className="c20"
                color="grey"
                fontSize="default"
              >
                Nossa equipe entra em contato para confirmar a visita.
              </span>
            </div>
            <div
              className="c17 c1"
            >
              <span
                className="c18 c19"
                color="white"
                fontSize="default"
              >
                2
              </span>
              <span
                className="c20"
                color="grey"
                fontSize="default"
              >
                Ap√≥s a produ√ß√£o do Tour Virtual 3D ou das fotos, seu im√≥vel √© publicado em at√© 48h.
              </span>
            </div>
            <div
              className="c17 c1"
            >
              <span
                className="c18 c19"
                color="white"
                fontSize="default"
              >
                3
              </span>
              <span
                className="c20"
                color="grey"
                fontSize="default"
              >
                Vamos agendar e acompanhar cada visita.
              </span>
            </div>
            <div
              className="c17 c1"
            >
              <span
                className="c21 c19"
                color="white"
                fontSize="default"
              >
                4
              </span>
              <span
                className="c20"
                color="grey"
                fontSize="default"
              >
                Em caso de proposta, conduzimos a negocia√ß√£o at√© o final do processo.
              </span>
            </div>
          </div>
        </div>
      </div>
      <div
        className="c14"
      >
        <div
          className=""
        >
          <button
            className="c22"
            fontSize="default"
            height="tall"
            onClick={[Function]}
            style={
              Object {
                "width": 260,
              }
            }
          >
            Ver Meus Im√≥veis
          </button>
        </div>
      </div>
    </div>
  </div>
</div>
`;
