// Jest Snapshot v1, https://goo.gl/fbAQLP

exports[`<ListingCard/> should render component 1`] = `
.c1 {
  display: -webkit-box;
  display: -webkit-flex;
  display: -ms-flexbox;
  display: flex;
  padding: 10px;
  -webkit-flex-direction: column;
  -ms-flex-direction: column;
  flex-direction: column;
}

.c2 {
  display: -webkit-box;
  display: -webkit-flex;
  display: -ms-flexbox;
  display: flex;
}

.c3 {
  -webkit-font-smoothing: antialiased;
  font-family: Rubik;
  color: #3c4858;
  font-size: 14px;
}

.c4 {
  -webkit-font-smoothing: antialiased;
  font-family: Rubik;
  color: #1D1919;
  font-size: 14px;
}

.c5 {
  -webkit-font-smoothing: antialiased;
  font-family: Rubik;
  color: #3c4858;
  font-size: 24px;
  font-weight: 500;
}

.c0 {
  position: relative;
  box-sizing: border-box;
  cursor: pointer;
  width: px;
  height: auto;
  border: 1px solid #e0e6ed;
  border-radius: 4px;
  margin: 0 20px 20px 0;
}

.c0:hover {
  border-color: #f50057;
  box-shadow: 0 0 2px #f50057;
}

.c0 img {
  box-sizing: border-box;
  object-fit: cover;
  width: 100%;
  min-height: NaNpx;
  height: NaNpx;
  border-radius: 4px 4px 0 0;
}

.c6 {
  position: absolute;
  cursor: pointer;
  right: 20px;
  top: 115px;
  display: -webkit-box;
  display: -webkit-flex;
  display: -ms-flexbox;
  display: flex;
  -webkit-box-pack: center;
  -webkit-justify-content: center;
  -ms-flex-pack: center;
  justify-content: center;
  -webkit-align-items: center;
  -webkit-box-align: center;
  -ms-flex-align: center;
  align-items: center;
  width: 50px;
  height: 50px;
  border-radius: 50%;
  background-color: #ffffff;
  border: 1px solid #e0e6ed;
  box-shadow: 0 6px 16px 0 rgba(38,38,38,0.15);
}

.c7 {
  background: none;
  border: none;
  box-shadow: none;
  box-sizing: border-box;
  pointer-events: all;
  cursor: pointer;
  cursor: pointer;
}

.c7 svg {
  width: 15px;
  text-shadow: 2px 2px 3px #f00;
  text-shadow: 2px 2px 3px #f00;
}

.c7 svg path {
  text-shadow: 2px 2px 3px #f00;
  fill: #ffffff;
  stroke: #3c4858;
  fill-opacity: 0;
  stroke-width: 60;
}

<a
  href="/imoveis/rj/rio-de-janeiro/bairro/rua-tal/id-undefined"
  onClick={[Function]}
  style={
    Object {
      "textDecoration": "none",
    }
  }
>
  <div
    aria-label="listing-undefined"
    className="c0 "
    onClick={[Function]}
  >
    <img
      alt="Imagem do imÃ³vel ID-undefined na Rua tal, Bairro, Rio de Janeiro - RJ"
      decoding="async"
      src="https://res.cloudinary.com/emcasa/image/upload/f_auto,c_fit,h_600,w_600/v1513818385/"
    />
    <div
      className="c1"
    >
      <div
        className="c2"
      >
        <span
          className="c3"
          color="dark"
          fontSize="small"
        >
          BAIRRO
        </span>
      </div>
      <div
        className="c2"
      >
        <span
          className="c3"
          color="dark"
          fontSize="small"
        >
          Rua tal
        </span>
      </div>
      <div
        className="c2"
      >
        <span
          className="c4"
          color="grey"
          fontSize="small"
        >
          
        </span>
      </div>
      <div
        className="c2"
      >
        <span
          className="c5"
          color="dark"
          fontSize="large"
          fontWeight="bold"
        >
          R$1,000,000
        </span>
      </div>
    </div>
    <div
      className="c6"
      onClick={[Function]}
    >
      <div
        className="c7"
      >
        <svg
          aria-hidden="true"
          className="svg-inline--fa fa-heart fa-w-16 "
          data-icon="heart"
          data-prefix="fas"
          role="img"
          style={Object {}}
          viewBox="0 0 512 512"
          xmlns="http://www.w3.org/2000/svg"
        >
          <path
            d="M462.3 62.6C407.5 15.9 326 24.3 275.7 76.2L256 96.5l-19.7-20.3C186.1 24.3 104.5 15.9 49.7 62.6c-62.8 53.6-66.1 149.8-9.9 207.9l193.5 199.8c12.5 12.9 32.8 12.9 45.3 0l193.5-199.8c56.3-58.1 53-154.3-9.8-207.9z"
            fill="currentColor"
            style={Object {}}
          />
        </svg>
      </div>
    </div>
  </div>
</a>
`;
