// Jest Snapshot v1, https://goo.gl/fbAQLP

exports[`<AddressInput/> should render previously selected bedroom options 1`] = `
.c1 {
  display: -webkit-box;
  display: -webkit-flex;
  display: -ms-flexbox;
  display: flex;
}

.c4 {
  display: -webkit-box;
  display: -webkit-flex;
  display: -ms-flexbox;
  display: flex;
  -webkit-flex-direction: row;
  -ms-flex-direction: row;
  flex-direction: row;
}

.c12 {
  display: -webkit-box;
  display: -webkit-flex;
  display: -ms-flexbox;
  display: flex;
  margin-bottom: 20px;
  -webkit-flex-wrap: wrap;
  -ms-flex-wrap: wrap;
  flex-wrap: wrap;
  -webkit-box-pack: center;
  -webkit-justify-content: center;
  -ms-flex-pack: center;
  justify-content: center;
}

.c13 {
  display: -webkit-box;
  display: -webkit-flex;
  display: -ms-flexbox;
  display: flex;
  -webkit-flex-wrap: wrap;
  -ms-flex-wrap: wrap;
  flex-wrap: wrap;
}

.c17 {
  display: -webkit-box;
  display: -webkit-flex;
  display: -ms-flexbox;
  display: flex;
  margin-top: 20px;
  -webkit-box-pack: justify;
  -webkit-justify-content: space-between;
  -ms-flex-pack: justify;
  justify-content: space-between;
}

.c14 {
  outline: none;
  cursor: pointer;
  padding: 0 20px 0 20px;
  border-color: #e0e6ed;
  background-color: #ffffff;
  border-radius: 4px;
  border-width: 1px;
  width: auto;
  height: 60px;
  margin-right: 10px;
  padding-left: 14px;
  padding-right: 14px;
  color: #3c4858;
  font-family: FaktSoftPro-Normal;
  font-size: 18px;
  -webkit-font-smoothing: antialiased;
  border-style: solid;
}

.c14 :hover {
  background-color: #ffffff;
}

.c15 {
  outline: none;
  cursor: pointer;
  padding: 0 20px 0 20px;
  border-color: #f50057;
  background-color: #ffffff;
  border-radius: 4px;
  border-width: 1px;
  width: auto;
  height: 60px;
  margin-right: 10px;
  padding-left: 14px;
  padding-right: 14px;
  color: #3c4858;
  font-family: FaktSoftPro-Normal;
  font-size: 18px;
  -webkit-font-smoothing: antialiased;
  border-style: solid;
}

.c15 :hover {
  background-color: #ffffff;
}

.c18 {
  outline: none;
  cursor: pointer;
  padding: 0 20px 0 20px;
  border-color: #e0e6ed;
  background-color: #ffffff;
  border-radius: 4px;
  border-width: 1px;
  width: auto;
  height: 60px;
  color: #3c4858;
  font-family: FaktSoftPro-Normal;
  font-size: 18px;
  -webkit-font-smoothing: antialiased;
  border-style: solid;
}

.c18 :hover {
  background-color: #ffffff;
}

.c19 {
  outline: none;
  cursor: default;
  padding: 0 20px 0 20px;
  border-color: #e0e6ed;
  background-color: #ffffff;
  border-radius: 4px;
  border-width: 1px;
  width: auto;
  height: 60px;
  color: #8492a6;
  font-family: FaktSoftPro-Normal;
  font-size: 18px;
  -webkit-font-smoothing: antialiased;
  border-style: solid;
}

.c19 :hover {
  background-color: #ffffff;
}

.c7 {
  -webkit-font-smoothing: antialiased;
  font-family: FaktSoftPro-Normal;
  color: #3c4858;
  font-size: 14px;
  text-align: center;
}

.c9 {
  -webkit-font-smoothing: antialiased;
  font-family: FaktSoftPro-Normal;
  color: #e0e6ed;
  font-size: 14px;
  text-align: center;
}

.c10 {
  -webkit-font-smoothing: antialiased;
  font-family: FaktSoftPro-Normal;
  color: #3c4858;
  font-size: 24px;
  font-weight: bold;
  text-align: center;
}

.c11 {
  -webkit-font-smoothing: antialiased;
  font-family: FaktSoftPro-Normal;
  color: #979797;
  font-size: 18px;
  text-align: center;
}

.c16 {
  -webkit-font-smoothing: antialiased;
  font-family: FaktSoftPro-Normal;
  color: #ff4949;
  font-size: 18px;
}

.c2 {
  width: 100%;
}

.c0 {
  width: calc(100vw - 40px);
  padding: 80px 20px 20px 20px;
  -webkit-box-pack: center;
  -webkit-justify-content: center;
  -ms-flex-pack: center;
  justify-content: center;
}

.c6 {
  width: auto;
  height: 22px;
}

.c3 {
  width: 100%;
  -webkit-box-pack: center;
  -webkit-justify-content: center;
  -ms-flex-pack: center;
  justify-content: center;
  -webkit-flex-direction: row;
  -ms-flex-direction: row;
  flex-direction: row;
}

.c5 {
  position: relative;
  -webkit-flex-direction: column;
  -ms-flex-direction: column;
  flex-direction: column;
  box-sizing: border-box;
  -webkit-box-pack: start;
  -webkit-justify-content: flex-start;
  -ms-flex-pack: start;
  justify-content: flex-start;
  -webkit-align-items: center;
  -webkit-box-align: center;
  -ms-flex-align: center;
  align-items: center;
  width: 80px;
  margin: 10px 0 10px 0;
}

.c8 {
  position: absolute;
  margin-top: 20px;
  margin-left: 59px;
  width: 40px;
  height: 0px;
  border: 1px solid #e0e6ed;
}

@media screen and (min-width:780px) {
  .c2 {
    width: 50%;
  }
}

@media (min-width:480px) and (max-width:779px) {
  .c0 {
    padding-top: 180px;
    width: calc(100vw - 220px);
  }
}

<div>
  <div
    className="c0 c1"
  >
    <div
      className="c2"
      width={
        Array [
          1,
          null,
          null,
          0.5,
        ]
      }
    >
      <div
        className="c3 c1"
      >
        <div
          className="c4"
        >
          <div
            className="c5 c1"
          >
            <div
              className="c6"
            >
              <svg
                height={22}
                version="1.1"
                viewBox="0 0 512 512"
                x={0}
                y={0}
              >
                <path
                  d="M504 256c0 136.967-111.033 248-248 248S8 392.967 8 256 119.033 8 256 8s248 111.033 248 248zM227.314 387.314l184-184c6.248-6.248 6.248-16.379 0-22.627l-22.627-22.627c-6.248-6.249-16.379-6.249-22.628 0L216 308.118l-70.059-70.059c-6.248-6.248-16.379-6.248-22.628 0l-22.627 22.627c-6.248 6.248-6.248 16.379 0 22.627l104 104c6.249 6.249 16.379 6.249 22.628.001z"
                  fill="#f50057"
                  name="check-circle"
                  type="default"
                />
              </svg>
            </div>
            <span
              className="c7"
              color="dark"
              fontSize="small"
            >
              Endereço
            </span>
          </div>
          <div
            className="c8 "
          />
        </div>
        <div
          className="c4"
        >
          <div
            className="c5 c1"
          >
            <svg
              aria-hidden="true"
              className="svg-inline--fa fa-check-circle fa-w-16 fa-2x "
              color="#f50057"
              data-icon="check-circle"
              data-prefix="far"
              role="img"
              style={
                Object {
                  "height": 22,
                  "width": 22,
                }
              }
              viewBox="0 0 512 512"
              xmlns="http://www.w3.org/2000/svg"
            >
              <path
                d="M256 8C119.033 8 8 119.033 8 256s111.033 248 248 248 248-111.033 248-248S392.967 8 256 8zm0 48c110.532 0 200 89.451 200 200 0 110.532-89.451 200-200 200-110.532 0-200-89.451-200-200 0-110.532 89.451-200 200-200m140.204 130.267l-22.536-22.718c-4.667-4.705-12.265-4.736-16.97-.068L215.346 303.697l-59.792-60.277c-4.667-4.705-12.265-4.736-16.97-.069l-22.719 22.536c-4.705 4.667-4.736 12.265-.068 16.971l90.781 91.516c4.667 4.705 12.265 4.736 16.97.068l172.589-171.204c4.704-4.668 4.734-12.266.067-16.971z"
                fill="currentColor"
                style={Object {}}
              />
            </svg>
            <span
              className="c7"
              color="dark"
              fontSize="small"
            >
              Informações
            </span>
          </div>
          <div
            className="c8 "
          />
        </div>
        <div
          className="c4"
        >
          <div
            className="c5 c1"
          >
            <svg
              aria-hidden="true"
              className="svg-inline--fa fa-circle fa-w-16 fa-2x "
              color="#e0e6ed"
              data-icon="circle"
              data-prefix="far"
              role="img"
              style={
                Object {
                  "height": 22,
                  "width": 22,
                }
              }
              viewBox="0 0 512 512"
              xmlns="http://www.w3.org/2000/svg"
            >
              <path
                d="M256 8C119 8 8 119 8 256s111 248 248 248 248-111 248-248S393 8 256 8zm0 448c-110.5 0-200-89.5-200-200S145.5 56 256 56s200 89.5 200 200-89.5 200-200 200z"
                fill="currentColor"
                style={Object {}}
              />
            </svg>
            <span
              className="c9"
              color="lightGrey"
              fontSize="small"
            >
              Contato
            </span>
          </div>
          <div
            className="c8 "
          />
        </div>
        <div
          className="c4"
        >
          <div
            className="c5 c1"
          >
            <svg
              aria-hidden="true"
              className="svg-inline--fa fa-circle fa-w-16 fa-2x "
              color="#e0e6ed"
              data-icon="circle"
              data-prefix="far"
              role="img"
              style={
                Object {
                  "height": 22,
                  "width": 22,
                }
              }
              viewBox="0 0 512 512"
              xmlns="http://www.w3.org/2000/svg"
            >
              <path
                d="M256 8C119 8 8 119 8 256s111 248 248 248 248-111 248-248S393 8 256 8zm0 448c-110.5 0-200-89.5-200-200S145.5 56 256 56s200 89.5 200 200-89.5 200-200 200z"
                fill="currentColor"
                style={Object {}}
              />
            </svg>
            <span
              className="c9"
              color="lightGrey"
              fontSize="small"
            >
              Valor
            </span>
          </div>
        </div>
      </div>
      <p
        className="c10"
        color="dark"
        fontSize="large"
        fontWeight="bold"
      >
        Por favor, informe mais detalhes do seu imóvel
      </p>
      <p
        className="c11"
        color="grey"
        fontSize="default"
      >
        Quantos quartos tem no seu imóvel?
      </p>
      <div
        className="c12"
      >
        <div
          className="c13"
          onChange={[Function]}
          onSelect={[Function]}
        >
          <button
            className="c14"
            fontSize="default"
            height="tall"
            name="1"
            onClick={[Function]}
            selected={false}
            value={1}
          >
            1
          </button>
          <button
            className="c14"
            fontSize="default"
            height="tall"
            name="2"
            onClick={[Function]}
            selected={false}
            value={2}
          >
            2
          </button>
          <button
            className="c15"
            fontSize="default"
            height="tall"
            name="3"
            onClick={[Function]}
            selected={true}
            value={3}
          >
            3
          </button>
          <button
            className="c14"
            fontSize="default"
            height="tall"
            name="4"
            onClick={[Function]}
            selected={false}
            value={4}
          >
            4
          </button>
          <button
            className="c14"
            fontSize="default"
            height="tall"
            name="5"
            onClick={[Function]}
            selected={false}
            value={5}
          >
            5
          </button>
          <button
            className="c14"
            fontSize="default"
            height="tall"
            name="more"
            onClick={[Function]}
            selected={false}
            value="more"
          >
            +
          </button>
        </div>
      </div>
      <p
        className="c16"
        color="red"
        fontSize="default"
      />
      <div
        className="c17"
      >
        <div
          className=""
        >
          <button
            className="c18"
            fontSize="default"
            height="tall"
            onClick={[Function]}
            style={
              Object {
                "width": 130,
              }
            }
          >
            Voltar
          </button>
        </div>
        <div
          className=""
        >
          <button
            className="c19"
            disabled={true}
            fontSize="default"
            height="tall"
            onClick={[Function]}
            style={
              Object {
                "width": 130,
              }
            }
          >
            Avançar
          </button>
        </div>
      </div>
    </div>
  </div>
</div>
`;
