// Jest Snapshot v1, https://goo.gl/fbAQLP

exports[`<AddressAutoComplete/> should render component 1`] = `
.c5 {
  -webkit-font-smoothing: antialiased;
  display: block;
  box-sizing: border-box;
  width: 100%;
  outline: none;
  border-radius: 4px;
  border: 1px solid;
  border-color: #e0e6ed;
  padding: 0px 10px 0px 10px;
  height: 60px;
  color: #3c4858;
  font-family: Rubik;
  font-size: 18px;
  -webkit-letter-spacing: 0px;
  -moz-letter-spacing: 0px;
  -ms-letter-spacing: 0px;
  letter-spacing: 0px;
}

.c5:focus {
  border-radius: 4px;
  border: 1px solid;
  border-color: #1fb6ff;
  padding: 0px 10px 0px 10px;
  height: 60px;
}

.c5::-webkit-input-placeholder {
  color: #8492a6;
}

.c5::-moz-placeholder {
  color: #8492a6;
}

.c5:-ms-input-placeholder {
  color: #8492a6;
}

.c5::placeholder {
  color: #8492a6;
}

.c4 {
  width: 100%;
}

.c1 {
  display: -webkit-box;
  display: -webkit-flex;
  display: -ms-flexbox;
  display: flex;
}

.c3 {
  width: auto;
  height: 20px;
}

.c0 {
  border: 1px solid #e0e6ed;
  border-radius: 4px;
  display: -webkit-box;
  display: -webkit-flex;
  display: -ms-flexbox;
  display: flex;
  -webkit-align-items: center;
  -webkit-box-align: center;
  -ms-flex-align: center;
  align-items: center;
  background-color: #ffffff;
}

.c2 {
  margin: 4px 14px 0 14px;
}

<div>
  <div
    className="c0 c1"
  >
    <div
      className="c2 c3"
    >
      <svg
        height={20}
        version="1.1"
        viewBox="0 0 448 512"
        x={0}
        y={0}
      >
        <path
          d="M257.5 445.1l-22.2 22.2c-9.4 9.4-24.6 9.4-33.9 0L7 273c-9.4-9.4-9.4-24.6 0-33.9L201.4 44.7c9.4-9.4 24.6-9.4 33.9 0l22.2 22.2c9.5 9.5 9.3 25-.4 34.3L136.6 216H424c13.3 0 24 10.7 24 24v32c0 13.3-10.7 24-24 24H136.6l120.5 114.8c9.8 9.3 10 24.8.4 34.3z"
          fill="#3c4858"
          name="arrow-left"
          onClick={[Function]}
          type="default"
        />
      </svg>
    </div>
    <div
      className="c4"
      width={1}
    >
      <div
        className=""
      >
        <input
          autoComplete="off"
          className="c5"
          fontSize="default"
          height="tall"
          letterSpacing="default"
          name="street"
          onChange={[Function]}
          onKeyDown={[Function]}
          placeholder="Endereço e número*"
          style={
            Object {
              "border": 0,
            }
          }
          type="text"
          value={null}
        />
      </div>
    </div>
  </div>
</div>
`;
